html_theme=pydata_sphinx_theme sphinx-build . _build/pydata_sphinx_theme
Running Sphinx v8.2.3
loading translations [en]... done
making output directory... done
myst v5.1.0: MdParserConfig(commonmark_only=False, gfm_only=False, enable_extensions={'substitution', 'dollarmath', 'colon_fence', 'attrs_inline', 'amsmath'}, disable_syntax=[], all_links_external=False, links_external_new_tab=False, url_schemes=('http', 'https', 'mailto', 'ftp'), ref_domains=None, fence_as_directive=set(), number_code_blocks=[], title_to_header=False, heading_anchors=0, heading_slug_func=None, html_meta={}, footnote_sort=True, footnote_transition=True, words_per_minute=200, substitutions={ARCH: ..., bme: ..., BME: ..., bsph: ..., BSPH: ..., ccb: ..., CCB: ..., cs: ..., CS: ..., dsai: ..., DSAI: ..., igs: ..., IGS: ..., jhu: ..., JHU: ..., ksas: ..., KSAS: ..., som: ..., SOM: ..., sph: ..., SPH: ..., wse: ..., WSE: ...}, linkify_fuzzy_links=True, dmath_allow_labels=True, dmath_allow_space=True, dmath_allow_digits=True, dmath_double_inline=False, update_mathjax=True, mathjax_classes='tex2jax_process|mathjax_process|math|output_area', enable_checkboxes=False, strikethrough_single_tilde=False, colon_fence_exact_match=False, suppress_warnings=[], highlight_code_blocks=True)
building [mo]: targets for 0 po files that are out of date
writing output... 
building [html]: targets for 42 source files that are out of date
updating environment: [new config] 42 added, 0 changed, 0 removed
reading sources... [  2%] About/about
reading sources... [  5%] About/contact
reading sources... [  7%] About/index
reading sources... [ 10%] About/jobs
reading sources... [ 12%] CBCC/index
reading sources... [ 14%] Data/data
reading sources... [ 17%] Data/downloads
reading sources... [ 19%] Data/drosophila
reading sources... [ 21%] Data/eupathdb
reading sources... [ 24%] Data/gage
reading sources... [ 26%] Data/genome_projects
reading sources... [ 29%] Data/index
reading sources... [ 31%] Education/courses
reading sources... [ 33%] Education/index
reading sources... [ 36%] Education/information
reading sources... [ 38%] Education/internship
reading sources... [ 40%] Education/past_projects
reading sources... [ 43%] Education/sample_courses
reading sources... [ 45%] Examples/index
reading sources... [ 48%] People/alekseyz/about
reading sources... [ 50%] People/alekseyz/index
reading sources... [ 52%] People/alekseyz/publications
reading sources... [ 55%] People/alekseyz/research
reading sources... [ 57%] People/alekseyz/software
reading sources... [ 60%] People/alumni
reading sources... [ 62%] People/collab
reading sources... [ 64%] People/faculty
reading sources... [ 67%] People/index
reading sources... [ 69%] People/postdocs
reading sources... [ 71%] People/staff
reading sources... [ 74%] People/students
reading sources... [ 76%] README
reading sources... [ 79%] Software/alignment
reading sources... [ 81%] Software/gene_finding
reading sources... [ 83%] Software/genome_assembly
reading sources... [ 86%] Software/index
reading sources... [ 88%] Software/metagenomics
reading sources... [ 90%] Software/other_tools
reading sources... [ 93%] Software/tophat/index
reading sources... [ 95%] Software/transcriptome_assembly
reading sources... [ 98%] Software/variant_analysis
reading sources... [100%] index

/home/dpuiu/Documents/JHU/www.ccb.jhu.edu/Data/data.md:1: WARNING: Document headings start at H2, not H1 [myst.header]
/home/dpuiu/Documents/JHU/www.ccb.jhu.edu/Data/drosophila.md:1: WARNING: Document headings start at H2, not H1 [myst.header]
/home/dpuiu/Documents/JHU/www.ccb.jhu.edu/Data/gage.md:1: WARNING: Document headings start at H2, not H1 [myst.header]
/home/dpuiu/Documents/JHU/www.ccb.jhu.edu/Data/genome_projects.md:1: WARNING: Document headings start at H2, not H1 [myst.header]
/home/dpuiu/Documents/JHU/www.ccb.jhu.edu/Education/information.md:1: WARNING: Document headings start at H2, not H1 [myst.header]
/home/dpuiu/Documents/JHU/www.ccb.jhu.edu/Education/sample_courses.md:1: WARNING: Document headings start at H2, not H1 [myst.header]
/home/dpuiu/Documents/JHU/www.ccb.jhu.edu/People/alekseyz/about.md:1: WARNING: Document headings start at H2, not H1 [myst.header]
/home/dpuiu/Documents/JHU/www.ccb.jhu.edu/People/alekseyz/publications.md:1: WARNING: Document headings start at H2, not H1 [myst.header]
/home/dpuiu/Documents/JHU/www.ccb.jhu.edu/People/alekseyz/research.md:1: WARNING: Document headings start at H2, not H1 [myst.header]
/home/dpuiu/Documents/JHU/www.ccb.jhu.edu/People/alekseyz/software.md:1: WARNING: Document headings start at H2, not H1 [myst.header]
/home/dpuiu/Documents/JHU/www.ccb.jhu.edu/People/alumni.md:1: WARNING: Document headings start at H2, not H1 [myst.header]
/home/dpuiu/Documents/JHU/www.ccb.jhu.edu/People/collab.md:1: WARNING: Document headings start at H2, not H1 [myst.header]
/home/dpuiu/Documents/JHU/www.ccb.jhu.edu/People/faculty.md:1: WARNING: Document headings start at H2, not H1 [myst.header]
/home/dpuiu/Documents/JHU/www.ccb.jhu.edu/People/faculty.md:5: WARNING: duplicate label stevenlsalzberg, other instance in /home/dpuiu/Documents/JHU/www.ccb.jhu.edu/People/faculty.md
/home/dpuiu/Documents/JHU/www.ccb.jhu.edu/People/faculty.md:34: WARNING: duplicate label danarking, other instance in /home/dpuiu/Documents/JHU/www.ccb.jhu.edu/People/faculty.md
/home/dpuiu/Documents/JHU/www.ccb.jhu.edu/People/faculty.md:62: WARNING: duplicate label joelbader, other instance in /home/dpuiu/Documents/JHU/www.ccb.jhu.edu/People/faculty.md
/home/dpuiu/Documents/JHU/www.ccb.jhu.edu/People/faculty.md:91: WARNING: duplicate label alexisbattle, other instance in /home/dpuiu/Documents/JHU/www.ccb.jhu.edu/People/faculty.md
/home/dpuiu/Documents/JHU/www.ccb.jhu.edu/People/faculty.md:120: WARNING: duplicate label michaelbeer, other instance in /home/dpuiu/Documents/JHU/www.ccb.jhu.edu/People/faculty.md
/home/dpuiu/Documents/JHU/www.ccb.jhu.edu/People/faculty.md:149: WARNING: duplicate label uthsavchitra, other instance in /home/dpuiu/Documents/JHU/www.ccb.jhu.edu/People/faculty.md
/home/dpuiu/Documents/JHU/www.ccb.jhu.edu/People/faculty.md:178: WARNING: duplicate label jeanfan, other instance in /home/dpuiu/Documents/JHU/www.ccb.jhu.edu/People/faculty.md
/home/dpuiu/Documents/JHU/www.ccb.jhu.edu/People/faculty.md:207: WARNING: duplicate label lilianaflorea, other instance in /home/dpuiu/Documents/JHU/www.ccb.jhu.edu/People/faculty.md
/home/dpuiu/Documents/JHU/www.ccb.jhu.edu/People/faculty.md:236: WARNING: duplicate label jeffreyjgray, other instance in /home/dpuiu/Documents/JHU/www.ccb.jhu.edu/People/faculty.md
/home/dpuiu/Documents/JHU/www.ccb.jhu.edu/People/faculty.md:265: WARNING: duplicate label kasperdhansen, other instance in /home/dpuiu/Documents/JHU/www.ccb.jhu.edu/People/faculty.md
/home/dpuiu/Documents/JHU/www.ccb.jhu.edu/People/faculty.md:294: WARNING: duplicate label stephaniehicks, other instance in /home/dpuiu/Documents/JHU/www.ccb.jhu.edu/People/faculty.md
/home/dpuiu/Documents/JHU/www.ccb.jhu.edu/People/faculty.md:323: WARNING: duplicate label hongkaiji, other instance in /home/dpuiu/Documents/JHU/www.ccb.jhu.edu/People/faculty.md
/home/dpuiu/Documents/JHU/www.ccb.jhu.edu/People/faculty.md:352: WARNING: duplicate label rachelkarchin, other instance in /home/dpuiu/Documents/JHU/www.ccb.jhu.edu/People/faculty.md
/home/dpuiu/Documents/JHU/www.ccb.jhu.edu/People/faculty.md:381: WARNING: duplicate label benlangmead, other instance in /home/dpuiu/Documents/JHU/www.ccb.jhu.edu/People/faculty.md
/home/dpuiu/Documents/JHU/www.ccb.jhu.edu/People/faculty.md:410: WARNING: duplicate label davidjlipman, other instance in /home/dpuiu/Documents/JHU/www.ccb.jhu.edu/People/faculty.md
/home/dpuiu/Documents/JHU/www.ccb.jhu.edu/People/faculty.md:438: WARNING: duplicate label rajivmccoy, other instance in /home/dpuiu/Documents/JHU/www.ccb.jhu.edu/People/faculty.md
/home/dpuiu/Documents/JHU/www.ccb.jhu.edu/People/faculty.md:467: WARNING: duplicate label mihaelapertea, other instance in /home/dpuiu/Documents/JHU/www.ccb.jhu.edu/People/faculty.md
/home/dpuiu/Documents/JHU/www.ccb.jhu.edu/People/faculty.md:496: WARNING: duplicate label adamphillippy, other instance in /home/dpuiu/Documents/JHU/www.ccb.jhu.edu/People/faculty.md
/home/dpuiu/Documents/JHU/www.ccb.jhu.edu/People/faculty.md:525: WARNING: duplicate label suchisaria, other instance in /home/dpuiu/Documents/JHU/www.ccb.jhu.edu/People/faculty.md
/home/dpuiu/Documents/JHU/www.ccb.jhu.edu/People/faculty.md:553: WARNING: duplicate label robertscharpf, other instance in /home/dpuiu/Documents/JHU/www.ccb.jhu.edu/People/faculty.md
/home/dpuiu/Documents/JHU/www.ccb.jhu.edu/People/faculty.md:582: WARNING: duplicate label michaelschatz, other instance in /home/dpuiu/Documents/JHU/www.ccb.jhu.edu/People/faculty.md
/home/dpuiu/Documents/JHU/www.ccb.jhu.edu/People/faculty.md:611: WARNING: duplicate label margarettaub, other instance in /home/dpuiu/Documents/JHU/www.ccb.jhu.edu/People/faculty.md
/home/dpuiu/Documents/JHU/www.ccb.jhu.edu/People/faculty.md:640: WARNING: duplicate label jamestaylor, other instance in /home/dpuiu/Documents/JHU/www.ccb.jhu.edu/People/faculty.md
/home/dpuiu/Documents/JHU/www.ccb.jhu.edu/People/faculty.md:667: WARNING: duplicate label winstontimp, other instance in /home/dpuiu/Documents/JHU/www.ccb.jhu.edu/People/faculty.md
/home/dpuiu/Documents/JHU/www.ccb.jhu.edu/People/faculty.md:696: WARNING: duplicate label alekseyzimin, other instance in /home/dpuiu/Documents/JHU/www.ccb.jhu.edu/People/faculty.md
/home/dpuiu/Documents/JHU/www.ccb.jhu.edu/People/postdocs.md:1: WARNING: Document headings start at H2, not H1 [myst.header]
/home/dpuiu/Documents/JHU/www.ccb.jhu.edu/People/staff.md:1: WARNING: Document headings start at H2, not H1 [myst.header]
/home/dpuiu/Documents/JHU/www.ccb.jhu.edu/People/students.md:1: WARNING: Document headings start at H2, not H1 [myst.header]
/home/dpuiu/Documents/JHU/www.ccb.jhu.edu/Software/alignment.md:1: WARNING: Document headings start at H2, not H1 [myst.header]
/home/dpuiu/Documents/JHU/www.ccb.jhu.edu/Software/gene_finding.md:1: WARNING: Document headings start at H2, not H1 [myst.header]
/home/dpuiu/Documents/JHU/www.ccb.jhu.edu/Software/genome_assembly.md:1: WARNING: Document headings start at H2, not H1 [myst.header]
/home/dpuiu/Documents/JHU/www.ccb.jhu.edu/Software/metagenomics.md:1: WARNING: Document headings start at H2, not H1 [myst.header]
/home/dpuiu/Documents/JHU/www.ccb.jhu.edu/Software/other_tools.md:1: WARNING: Document headings start at H2, not H1 [myst.header]
/home/dpuiu/Documents/JHU/www.ccb.jhu.edu/Software/tophat/index.md:3: WARNING: 'contents': Unknown option keys: ['hidden'] (allowed: ['backlinks', 'class', 'depth', 'local']) [myst.directive_option]
/home/dpuiu/Documents/JHU/www.ccb.jhu.edu/Software/tophat/index.md:11: WARNING: image file not readable: _static/osi-certified.gif [image.not_readable]
/home/dpuiu/Documents/JHU/www.ccb.jhu.edu/Software/transcriptome_assembly.md:1: WARNING: Document headings start at H2, not H1 [myst.header]
/home/dpuiu/Documents/JHU/www.ccb.jhu.edu/Software/variant_analysis.md:1: WARNING: Document headings start at H2, not H1 [myst.header]
looking for now-outdated files... none found
pickling environment... done
checking consistency... /home/dpuiu/Documents/JHU/www.ccb.jhu.edu/Education/past_projects.md: WARNING: document isn't included in any toctree [toc.not_included]
/home/dpuiu/Documents/JHU/www.ccb.jhu.edu/Examples/index.md: WARNING: document isn't included in any toctree [toc.not_included]
/home/dpuiu/Documents/JHU/www.ccb.jhu.edu/People/alekseyz/index.md: WARNING: document isn't included in any toctree [toc.not_included]
/home/dpuiu/Documents/JHU/www.ccb.jhu.edu/README.md: WARNING: document isn't included in any toctree [toc.not_included]
/home/dpuiu/Documents/JHU/www.ccb.jhu.edu/Software/tophat/index.md: WARNING: document isn't included in any toctree [toc.not_included]
done
preparing documents... done
copying assets... 
copying downloadable files... [100%] _static/Logos/logo.webp

copying static files... 
Writing evaluated template result to /home/dpuiu/Documents/JHU/www.ccb.jhu.edu/_build/pydata_sphinx_theme/_static/language_data.js
Writing evaluated template result to /home/dpuiu/Documents/JHU/www.ccb.jhu.edu/_build/pydata_sphinx_theme/_static/basic.css
Writing evaluated template result to /home/dpuiu/Documents/JHU/www.ccb.jhu.edu/_build/pydata_sphinx_theme/_static/documentation_options.js
Writing evaluated template result to /home/dpuiu/Documents/JHU/www.ccb.jhu.edu/_build/pydata_sphinx_theme/_static/copybutton.js
copying static files: done
copying extra files... 
copying extra files: done
copying assets: done
writing output... [  2%] About/about
writing output... [  5%] About/contact
writing output... [  7%] About/index
writing output... [ 10%] About/jobs
writing output... [ 12%] CBCC/index
writing output... [ 14%] Data/data
writing output... [ 17%] Data/downloads
writing output... [ 19%] Data/drosophila
writing output... [ 21%] Data/eupathdb
writing output... [ 24%] Data/gage
writing output... [ 26%] Data/genome_projects
writing output... [ 29%] Data/index
writing output... [ 31%] Education/courses
writing output... [ 33%] Education/index
writing output... [ 36%] Education/information
writing output... [ 38%] Education/internship
writing output... [ 40%] Education/past_projects
writing output... [ 43%] Education/sample_courses
writing output... [ 45%] Examples/index
writing output... [ 48%] People/alekseyz/about
writing output... [ 50%] People/alekseyz/index
writing output... [ 52%] People/alekseyz/publications
writing output... [ 55%] People/alekseyz/research
writing output... [ 57%] People/alekseyz/software
writing output... [ 60%] People/alumni
writing output... [ 62%] People/collab
writing output... [ 64%] People/faculty
writing output... [ 67%] People/index
writing output... [ 69%] People/postdocs
writing output... [ 71%] People/staff
writing output... [ 74%] People/students
writing output... [ 76%] README
writing output... [ 79%] Software/alignment
writing output... [ 81%] Software/gene_finding
writing output... [ 83%] Software/genome_assembly
writing output... [ 86%] Software/index
writing output... [ 88%] Software/metagenomics
writing output... [ 90%] Software/other_tools
writing output... [ 93%] Software/tophat/index
writing output... [ 95%] Software/transcriptome_assembly
writing output... [ 98%] Software/variant_analysis
writing output... [100%] index

/home/dpuiu/Documents/JHU/www.ccb.jhu.edu/Education/internship.md:84: WARNING: undefined label: 'florianbreitwieser' [ref.ref]
/home/dpuiu/Documents/JHU/www.ccb.jhu.edu/People/alumni.md:205: WARNING: 'myst' cross-reference target not found: 'kim-lab.org' [myst.xref_missing]
/home/dpuiu/Documents/JHU/www.ccb.jhu.edu/Software/alignment.md:18: WARNING: 'myst' cross-reference target not found: '/_static/legacy/tophat/index.html' [myst.xref_missing]
/home/dpuiu/Documents/JHU/www.ccb.jhu.edu/Software/alignment.md:33: WARNING: 'myst' cross-reference target not found: '/hisat/index' [myst.xref_missing]
/home/dpuiu/Documents/JHU/www.ccb.jhu.edu/Software/alignment.md:42: WARNING: 'myst' cross-reference target not found: '/hisat2/index' [myst.xref_missing]
/home/dpuiu/Documents/JHU/www.ccb.jhu.edu/Software/alignment.md:51: WARNING: 'myst' cross-reference target not found: '/hisat-genotype/index' [myst.xref_missing]
/home/dpuiu/Documents/JHU/www.ccb.jhu.edu/Software/alignment.md:69: WARNING: 'myst' cross-reference target not found: '/eastr/index' [myst.xref_missing]
/home/dpuiu/Documents/JHU/www.ccb.jhu.edu/Software/alignment.md:100: WARNING: 'myst' cross-reference target not found: '/diamund/index' [myst.xref_missing]
/home/dpuiu/Documents/JHU/www.ccb.jhu.edu/Software/alignment.md:107: WARNING: 'myst' cross-reference target not found: '/EDGE-pro/index' [myst.xref_missing]
/home/dpuiu/Documents/JHU/www.ccb.jhu.edu/Software/gene_finding.md:3: WARNING: 'myst' cross-reference target not found: '/glimmer/index' [myst.xref_missing]
/home/dpuiu/Documents/JHU/www.ccb.jhu.edu/Software/gene_finding.md:9: WARNING: 'myst' cross-reference target not found: '/glimmerhmm/index' [myst.xref_missing]
/home/dpuiu/Documents/JHU/www.ccb.jhu.edu/Software/gene_finding.md:14: WARNING: 'myst' cross-reference target not found: '/glimmerhmm/index' [myst.xref_missing]
/home/dpuiu/Documents/JHU/www.ccb.jhu.edu/Software/gene_finding.md:20: WARNING: 'myst' cross-reference target not found: '/genesplicer/index' [myst.xref_missing]
/home/dpuiu/Documents/JHU/www.ccb.jhu.edu/Software/gene_finding.md:24: WARNING: 'myst' cross-reference target not found: '/sim4cc/index' [myst.xref_missing]
/home/dpuiu/Documents/JHU/www.ccb.jhu.edu/Software/gene_finding.md:35: WARNING: 'myst' cross-reference target not found: '/ASprofile/index' [myst.xref_missing]
/home/dpuiu/Documents/JHU/www.ccb.jhu.edu/Software/gene_finding.md:40: WARNING: 'myst' cross-reference target not found: '/jigsaw/index' [myst.xref_missing]
/home/dpuiu/Documents/JHU/www.ccb.jhu.edu/Software/genome_assembly.md:65: WARNING: 'myst' cross-reference target not found: '/quake/index' [myst.xref_missing]
/home/dpuiu/Documents/JHU/www.ccb.jhu.edu/Software/genome_assembly.md:70: WARNING: 'myst' cross-reference target not found: '/FLASH/index' [myst.xref_missing]
/home/dpuiu/Documents/JHU/www.ccb.jhu.edu/Software/alignment.md:19: WARNING: 'myst' cross-reference target not found: '/_static/legacy/tophat/index.html' [myst.xref_missing]
/home/dpuiu/Documents/JHU/www.ccb.jhu.edu/Software/alignment.md:34: WARNING: 'myst' cross-reference target not found: '/hisat/index' [myst.xref_missing]
/home/dpuiu/Documents/JHU/www.ccb.jhu.edu/Software/alignment.md:43: WARNING: 'myst' cross-reference target not found: '/hisat2/index' [myst.xref_missing]
/home/dpuiu/Documents/JHU/www.ccb.jhu.edu/Software/alignment.md:52: WARNING: 'myst' cross-reference target not found: '/hisat-genotype/index' [myst.xref_missing]
/home/dpuiu/Documents/JHU/www.ccb.jhu.edu/Software/alignment.md:70: WARNING: 'myst' cross-reference target not found: '/eastr/index' [myst.xref_missing]
/home/dpuiu/Documents/JHU/www.ccb.jhu.edu/Software/alignment.md:101: WARNING: 'myst' cross-reference target not found: '/diamund/index' [myst.xref_missing]
/home/dpuiu/Documents/JHU/www.ccb.jhu.edu/Software/alignment.md:108: WARNING: 'myst' cross-reference target not found: '/EDGE-pro/index' [myst.xref_missing]
/home/dpuiu/Documents/JHU/www.ccb.jhu.edu/Software/metagenomics.md:3: WARNING: 'myst' cross-reference target not found: '/choosing-a-metagenomics-classifier/index' [myst.xref_missing]
/home/dpuiu/Documents/JHU/www.ccb.jhu.edu/Software/metagenomics.md:11: WARNING: 'myst' cross-reference target not found: '/kraken/index' [myst.xref_missing]
/home/dpuiu/Documents/JHU/www.ccb.jhu.edu/Software/metagenomics.md:30: WARNING: 'myst' cross-reference target not found: '/kraken2/index' [myst.xref_missing]
/home/dpuiu/Documents/JHU/www.ccb.jhu.edu/Software/metagenomics.md:37: WARNING: 'myst' cross-reference target not found: '/centrifuge/index' [myst.xref_missing]
/home/dpuiu/Documents/JHU/www.ccb.jhu.edu/Software/metagenomics.md:44: WARNING: 'myst' cross-reference target not found: '/bracken/index' [myst.xref_missing]
/home/dpuiu/Documents/JHU/www.ccb.jhu.edu/Software/metagenomics.md:49: WARNING: 'myst' cross-reference target not found: '/pavian/index' [myst.xref_missing]
/home/dpuiu/Documents/JHU/www.ccb.jhu.edu/Software/other_tools.md:3: WARNING: 'myst' cross-reference target not found: '/BRCA-diagnostic/index' [myst.xref_missing]
/home/dpuiu/Documents/JHU/www.ccb.jhu.edu/Software/other_tools.md:9: WARNING: 'myst' cross-reference target not found: '/dive/index' [myst.xref_missing]
/home/dpuiu/Documents/JHU/www.ccb.jhu.edu/Software/other_tools.md:15: WARNING: 'myst' cross-reference target not found: '/duplocut/index' [myst.xref_missing]
/home/dpuiu/Documents/JHU/www.ccb.jhu.edu/Software/other_tools.md:20: WARNING: 'myst' cross-reference target not found: '/ELPH/index' [myst.xref_missing]
/home/dpuiu/Documents/JHU/www.ccb.jhu.edu/Software/other_tools.md:25: WARNING: 'myst' cross-reference target not found: '/fqtrim/index' [myst.xref_missing]
/home/dpuiu/Documents/JHU/www.ccb.jhu.edu/Software/other_tools.md:29: WARNING: 'myst' cross-reference target not found: '/stringtie/gff' [myst.xref_missing]
/home/dpuiu/Documents/JHU/www.ccb.jhu.edu/Software/other_tools.md:31: WARNING: 'myst' cross-reference target not found: '/stringtie/gff' [myst.xref_missing]
/home/dpuiu/Documents/JHU/www.ccb.jhu.edu/Software/other_tools.md:33: WARNING: 'myst' cross-reference target not found: '/stringtie/gffcompare' [myst.xref_missing]
/home/dpuiu/Documents/JHU/www.ccb.jhu.edu/Software/other_tools.md:42: WARNING: 'myst' cross-reference target not found: '/kraken/index' [myst.xref_missing]
/home/dpuiu/Documents/JHU/www.ccb.jhu.edu/Software/other_tools.md:47: WARNING: 'myst' cross-reference target not found: '/software/centrifuge/' [myst.xref_missing]
/home/dpuiu/Documents/JHU/www.ccb.jhu.edu/Software/other_tools.md:52: WARNING: 'myst' cross-reference target not found: '/software/phymmbl/index.shtml' [myst.xref_missing]
/home/dpuiu/Documents/JHU/www.ccb.jhu.edu/Software/other_tools.md:71: WARNING: 'myst' cross-reference target not found: '/SeeEse/index' [myst.xref_missing]
/home/dpuiu/Documents/JHU/www.ccb.jhu.edu/Software/tophat/index.md:114: WARNING: 'myst' cross-reference target not found: 'manual.shtml#mixed' [myst.xref_missing]
/home/dpuiu/Documents/JHU/www.ccb.jhu.edu/Software/tophat/index.md:119: WARNING: 'myst' cross-reference target not found: 'manual.shtml#tbuild' [myst.xref_missing]
/home/dpuiu/Documents/JHU/www.ccb.jhu.edu/Software/tophat/index.md:166: WARNING: 'myst' cross-reference target not found: './downloads/tophat2_simulation_data/junction_test' [myst.xref_missing]
/home/dpuiu/Documents/JHU/www.ccb.jhu.edu/Software/tophat/index.md:222: WARNING: 'myst' cross-reference target not found: 'faq.shtml#edit_dist' [myst.xref_missing]
/home/dpuiu/Documents/JHU/www.ccb.jhu.edu/Software/tophat/index.md:226: WARNING: 'myst' cross-reference target not found: 'manual.shtml#read_realign' [myst.xref_missing]
/home/dpuiu/Documents/JHU/www.ccb.jhu.edu/Software/tophat/index.md:226: WARNING: 'myst' cross-reference target not found: 'faq.shtml#accuracy' [myst.xref_missing]
/home/dpuiu/Documents/JHU/www.ccb.jhu.edu/Software/tophat/index.md:231: WARNING: 'myst' cross-reference target not found: 'manual.html#resume' [myst.xref_missing]
/home/dpuiu/Documents/JHU/www.ccb.jhu.edu/Software/tophat/index.md:319: WARNING: 'myst' cross-reference target not found: 'manual.html#b2-option' [myst.xref_missing]
/home/dpuiu/Documents/JHU/www.ccb.jhu.edu/Software/tophat/index.md:319: WARNING: 'myst' cross-reference target not found: 'manual.html#b2-option' [myst.xref_missing]
/home/dpuiu/Documents/JHU/www.ccb.jhu.edu/Software/tophat/index.md:343: WARNING: 'myst' cross-reference target not found: 'fusion_index.html' [myst.xref_missing]
/home/dpuiu/Documents/JHU/www.ccb.jhu.edu/Software/tophat/index.md:343: WARNING: 'myst' cross-reference target not found: 'manual.html#fusion' [myst.xref_missing]
/home/dpuiu/Documents/JHU/www.ccb.jhu.edu/Software/tophat/index.md:360: WARNING: 'myst' cross-reference target not found: 'tutorial.html' [myst.xref_missing]
/home/dpuiu/Documents/JHU/www.ccb.jhu.edu/Software/tophat/index.md:382: WARNING: 'myst' cross-reference target not found: './downloads/tophat-1.3.2.tar.gz' [myst.xref_missing]
/home/dpuiu/Documents/JHU/www.ccb.jhu.edu/Software/tophat/index.md:384: WARNING: 'myst' cross-reference target not found: './downloads/tophat-1.3.2.Linux_x86_64.tar.gz' [myst.xref_missing]
/home/dpuiu/Documents/JHU/www.ccb.jhu.edu/Software/tophat/index.md:386: WARNING: 'myst' cross-reference target not found: './downloads/tophat-1.3.2.OSX_x86_64.tar.gz' [myst.xref_missing]
/home/dpuiu/Documents/JHU/www.ccb.jhu.edu/Software/tophat/index.md:422: WARNING: 'myst' cross-reference target not found: 'manual.html#transcriptome' [myst.xref_missing]
/home/dpuiu/Documents/JHU/www.ccb.jhu.edu/Software/tophat/index.md:422: WARNING: 'myst' cross-reference target not found: 'manual.html#t_idx' [myst.xref_missing]
/home/dpuiu/Documents/JHU/www.ccb.jhu.edu/Software/tophat/index.md:705: WARNING: 'myst' cross-reference target not found: 'manual.html' [myst.xref_missing]
/home/dpuiu/Documents/JHU/www.ccb.jhu.edu/Software/tophat/index.md:755: WARNING: 'myst' cross-reference target not found: 'manual.html' [myst.xref_missing]
/home/dpuiu/Documents/JHU/www.ccb.jhu.edu/Software/transcriptome_assembly.md:10: WARNING: 'myst' cross-reference target not found: 'stringtie/index' [myst.xref_missing]
generating indices... genindex done
highlighting module code... 
writing additional pages... search done
copying images... [  2%] _static/Logos/logo.webp
copying images... [  4%] _static/People/Aleksey.webp
copying images... [  5%] _static/People/IRIZARRY8.webp
copying images... [  7%] _static/People/Martin_steinegger.webp
copying images... [  9%] _static/People/Stephan_pabinger2.webp
copying images... [ 11%] _static/People/Treangen.webp
copying images... [ 13%] _static/People/Hilary.webp
copying images... [ 15%] _static/People/Frazee.webp
copying images... [ 16%] _static/People/Daehwan_Kim.webp
copying images... [ 18%] _static/People/Carlk.webp
copying images... [ 20%] _static/People/Tmagoc.webp
copying images... [ 22%] _static/People/Mpop.webp
copying images... [ 24%] _static/People/Najib.webp
copying images... [ 25%] _static/People/Cole.webp
copying images... [ 27%] _static/People/Jyorke.webp
copying images... [ 29%] _static/People/Elana122x140.webp
copying images... [ 31%] _static/People/Pinerefseq.webp
copying images... [ 33%] _static/People/Steven_salzberg_250x331.webp
copying images... [ 35%] _static/People/DonArking.webp
copying images... [ 36%] _static/People/Joel_bader.webp
copying images... [ 38%] _static/People/Alexis-Battle-149x180.webp
copying images... [ 40%] _static/People/MikeBeer.webp
copying images... [ 42%] _static/People/U_chitra.webp
copying images... [ 44%] _static/People/JeanFan_132px.webp
copying images... [ 45%] _static/People/Florea.webp
copying images... [ 47%] _static/People/Jjgray.webp
copying images... [ 49%] _static/People/KasperHansen250x264.webp
copying images... [ 51%] _static/People/S_hicks.webp
copying images... [ 53%] _static/People/HongkaiJi.webp
copying images... [ 55%] _static/People/Rachel09Head.webp
copying images... [ 56%] _static/People/Ben_h140.webp
copying images... [ 58%] _static/People/D_lipman.webp
copying images... [ 60%] _static/People/R_mccoy.webp
copying images... [ 62%] _static/People/Pertea.webp
copying images... [ 64%] _static/People/A_phillippy.webp
copying images... [ 65%] _static/People/Suchi_saria.webp
copying images... [ 67%] _static/People/Rscharp1.webp
copying images... [ 69%] _static/People/Mike_Schatz.webp
copying images... [ 71%] _static/People/Margaret250x312.webp
copying images... [ 73%] _static/People/JamesTaylor.webp
copying images... [ 75%] _static/People/Winston_timp.webp
copying images... [ 76%] _static/People/Avaraby.webp
copying images... [ 78%] _static/People/C_hall.webp
copying images... [ 80%] _static/People/Harun_Mustafa.webp
copying images... [ 82%] _static/People/Ssingh.webp
copying images... [ 84%] _static/People/R_keener.webp
copying images... [ 85%] _static/People/Daniela_puiu.webp
copying images... [ 87%] _static/People/S_bailey.webp
copying images... [ 89%] _static/People/David_Bass.webp
copying images... [ 91%] _static/People/Kalen_Clifton.webp
copying images... [ 93%] _static/People/Caleb_Hallinan.webp
copying images... [ 95%] _static/People/Celine_Hoh.webp
copying images... [ 96%] _static/People/Radhika_Jangi.webp
copying images... [ 98%] _static/People/Zoe_Rudnick.webp
copying images... [100%] _static/People/Rafael_dos_Santos_Peixoto_25pc.webp

dumping search index in English (code: en)... done
dumping object inventory... done
sphinx-sitemap: sitemap.xml was generated for URL https://dpuiu.github.io/www.ccb.jhu.edu/ in /home/dpuiu/Documents/JHU/www.ccb.jhu.edu/_build/pydata_sphinx_theme/sitemap.xml
build succeeded, 118 warnings.

The HTML pages are in _build/pydata_sphinx_theme.
